<html>
<h1>Hello!</h1>
<p>it is i your dude<br>
thank you for subscribing to<br>
lucashi's lit facts</p>

<p>Did <em>you</em> know that this lucashi fact is a test fact </p>
</html>
